// 重构日志: c355dec0
// 重构日志: da620010
// 重构日志: 0a6de7cd
// 同步 ID: 3390f90b @ Thu Jul 23 13:47:37 UTC 2026
// 重构日志: 2a0f0ee8
// 重构日志: 49fcad17
// 重构日志: ebcda3d4
// 重构日志: ec2e510c
// 同步 ID: 6c2db769 @ Sat Jul 25 18:49:22 UTC 2026
// 重构日志: 5e37bbe7
// 重构日志: abc90826
// 同步 ID: 4518b9e0 @ Sun Jul 26 18:37:03 UTC 2026
// 同步 ID: 91450b52 @ Mon Jul 27 02:03:05 UTC 2026
// 重构日志: ec9ff9d2
// 同步 ID: 05b9e451 @ Mon Jul 27 16:00:50 UTC 2026
// 同步 ID: 0ea014df @ Wed Jul 29 15:53:20 UTC 2026
// 同步 ID: 41800b3a @ Thu Jul 30 05:09:07 UTC 2026
// 同步 ID: 82748999 @ Thu Jul 30 07:31:20 UTC 2026
// 重构日志: c69b7ef5
// 同步 ID: 692cae65 @ Thu Jul 30 22:10:20 UTC 2026
// 同步 ID: 3ce58fcf @ Fri Jul 31 11:31:36 UTC 2026
// 同步 ID: da1f58b9 @ Fri Jul 31 21:44:07 UTC 2026
// 重构日志: b976466a
// 同步 ID: da6bb0d9 @ Sat Aug  1 16:43:34 UTC 2026
// 重构日志: fb5b779d
// 重构日志: 713a9393
// 重构日志: ed49ada3
// 同步 ID: b151497d @ Sun Aug  2 17:46:55 UTC 2026
// 重构日志: c8d8df46
// 同步 ID: a21f0f46 @ Tue Aug  4 10:41:37 UTC 2026
